0x900 [branches] -> 0x71c [branches] bitmap key: 0x178
0x71c [branches] -> 0x728 [branches] bitmap key: 0xf57
0x728 [branches] -> 0x90c [branches] bitmap key: 0x8e6
0x90c [branches] -> 0x734 [branches] bitmap key: 0xd72
0x734 [branches] -> 0x748 [branches] bitmap key: 0x46
0x748 [branches] -> 0x748 [branches] bitmap key: 0x5e8
0x748 [branches] -> 0x748 [branches] bitmap key: 0x5e8
0x748 [branches] -> 0x754 [branches] bitmap key: 0xbb4
0x754 [branches] -> 0x910 [branches] bitmap key: 0x3c4
0x910 [branches] -> 0x764 [branches] bitmap key: 0x7c
0x764 [branches] -> 0x77c [branches] bitmap key: 0x9a
0x77c [branches] -> 0x794 [branches] bitmap key: 0xa5e
0x794 [branches] -> 0x914 [branches] bitmap key: 0xa67
0x914 [branches] -> 0x7a8 [branches] bitmap key: 0x171
0x7a8 [branches] -> 0x7c4 [branches] bitmap key: 0x26c
0x7c4 [branches] -> 0x7d8 [branches] bitmap key: 0x59
0x7d8 [branches] -> 0x918 [branches] bitmap key: 0x596
0x918 [branches] -> 0x7ec [branches] bitmap key: 0x534
0x7ec [branches] -> 0x804 [branches] bitmap key: 0x48a
0x804 [branches] -> 0x81c [branches] bitmap key: 0xe18
0x81c [branches] -> 0x91c [branches] bitmap key: 0x4ac
0x91c [branches] -> 0x830 [branches] bitmap key: 0x560
0x830 [branches] -> 0x84c [branches] bitmap key: 0x367
0x84c [branches] -> 0x860 [branches] bitmap key: 0xc4c
0x860 [branches] -> 0x920 [branches] bitmap key: 0x7c6
0x920 [branches] -> 0x874 [branches] bitmap key: 0xa56
0x874 [branches] -> 0x888 [branches] bitmap key: 0x2d4
0x888 [branches] -> 0x880 [branches] bitmap key: 0xf71
0x880 [branches] -> 0x924 [branches] bitmap key: 0xd93
0x924 [branches] -> 0x898 [branches] bitmap key: 0x31f
0x898 [branches] -> 0x89c [branches] bitmap key: 0x328
0x89c [branches] -> 0x8a0 [branches] bitmap key: 0x955
0x8a0 [branches] -> 0x928 [branches] bitmap key: 0x8d5
0x928 [branches] -> 0x8a8 [branches] bitmap key: 0x903
0x8a8 [branches] -> 0x92c [branches] bitmap key: 0x3ef
0x92c [branches] -> 0x8b8 [branches] bitmap key: 0x894
0x8b8 [branches] -> 0x8c4 [branches] bitmap key: 0x95
0x8c4 [branches] -> 0x930 [branches] bitmap key: 0x7f0
0x930 [branches] -> 0x8d4 [branches] bitmap key: 0xdb1
0x8d4 [branches] -> 0x8ec [branches] bitmap key: 0xbde
0x8ec [branches] -> 0x8e4 [branches] bitmap key: 0xb8
0x8e4 [branches] -> 0x934 [branches] bitmap key: 0x834
